see also
https://www.vultr.com/docs/how-to-install-jenkins-on-centos-7

(using CENTOS 7 build 1611)

[scott@DE2c ~]$ echo $JAVA_HOME
/usr/lib/jvm/jre-1.8.0-openjdk
[scott@DE2c ~]$ echo $JRE_HOME
/usr/lib/jvm/jre
[scott@DE2c ~]$ cd ~
[scott@DE2c ~]$ sudo wget -O /etc/yum.repos.d/jenkins.repo http://pkg.jenkins-ci.org/redhat-stable/jenkins.repo
[sudo] password for scott: 
--2017-05-30 13:09:35--  http://pkg.jenkins-ci.org/redhat-stable/jenkins.repo
Resolving pkg.jenkins-ci.org (pkg.jenkins-ci.org)... 52.202.51.185
Connecting to pkg.jenkins-ci.org (pkg.jenkins-ci.org)|52.202.51.185|:80... connected.
HTTP request sent, awaiting response... 200 OK
Length: 85
Saving to: ‘/etc/yum.repos.d/jenkins.repo’

100%[======================================>] 85          --.-K/s   in 0s      

2017-05-30 13:09:38 (10.5 MB/s) - ‘/etc/yum.repos.d/jenkins.repo’ saved [85/85]

[scott@DE2c ~]$ sudo rpm --import http://pkg.jenkins-ci.org/redhat-stable/jenkins-ci.org.key
[scott@DE2c ~]$ sudo yum install jenkins
Loaded plugins: fastestmirror, langpacks
http://mirror.vcu.edu/pub/gnu_linux/centos/7.3.1611/os/x86_64/repodata/repomd.xml: [Errno 14] curl#7 - "Failed connect to mirror.vcu.edu:80; Connection refused"
Trying other mirror.
base                                                     | 3.6 kB     00:00     
http://denver.gaminghost.co/7.3.1611/extras/x86_64/repodata/repomd.xml: [Errno 12] Timeout on http://denver.gaminghost.co/7.3.1611/extras/x86_64/repodata/repomd.xml: (28, 'Operation too slow. Less than 1000 bytes/sec transferred the last 30 seconds')
Trying other mirror.
extras                                                   | 3.4 kB     00:00     
jenkins                                                  | 2.9 kB     00:00     
updates                                                  | 3.4 kB     00:00     
jenkins/primary_db                                         |  20 kB   00:00     
Loading mirror speeds from cached hostfile
 * base: mirror.fusioncloud.co
 * extras: mirrors.centos.webair.com
 * updates: reflector.westga.edu
Resolving Dependencies
--> Running transaction check
---> Package jenkins.noarch 0:2.46.3-1.1 will be installed
--> Finished Dependency Resolution

Dependencies Resolved

================================================================================
 Package          Arch            Version                Repository        Size
================================================================================
Installing:
 jenkins          noarch          2.46.3-1.1             jenkins           67 M

Transaction Summary
================================================================================
Install  1 Package

Total download size: 67 M
Installed size: 67 M
Is this ok [y/d/N]: y
Downloading packages:
jenkins-2.46.3-1.1.noarch.rpm                              |  67 MB   00:18     
Running transaction check
Running transaction test
Transaction test succeeded
Running transaction
  Installing : jenkins-2.46.3-1.1.noarch                                    1/1 
  Verifying  : jenkins-2.46.3-1.1.noarch                                    1/1 

Installed:
  jenkins.noarch 0:2.46.3-1.1                                                   

Complete!
[scott@DE2c ~]$ sudo systemctl start jenkins.service
[scott@DE2c ~]$ sudo systemctl enable jenkins.service
jenkins.service is not a native service, redirecting to /sbin/chkconfig.
Executing /sbin/chkconfig jenkins on
[scott@DE2c ~]$ 
[scott@DE2c ~]$ 
[scott@DE2c ~]$ sudo firewall-cmd --zone=public --permanent --add-port=8080/tcp
success
[scott@DE2c ~]$ sudo firewall-cmd --reload
success
[scott@DE2c ~]$ 
[scott@DE2c ~]$ echo 'now open a browser to http://localhost:8080'
now open a browser to http://localhost:8080

get inital admin password with:
[scott@DE2c ~]$ sudo cat /var/lib/jenkins/secrets/initialAdminPassword


(when prompts to create user, dont, just click "continue as admin" otherwise browser freezes
then create users through the normal admin page in Jenkins)



-after Jenkins is working, install git:



[scott@DE2c jenkins]$ su -
Password: 
[root@DE2c ~]# yum install git
Loaded plugins: fastestmirror, langpacks
base                                                     | 3.6 kB     00:00     
extras                                                   | 3.4 kB     00:00     
jenkins                                                  | 2.9 kB     00:00     
updates                                                  | 3.4 kB     00:00     
Loading mirror speeds from cached hostfile
 * base: mirror.cs.uwp.edu
 * extras: mirror.cs.uwp.edu
 * updates: mirror.cs.vt.edu
Resolving Dependencies
--> Running transaction check
---> Package git.x86_64 0:1.8.3.1-6.el7_2.1 will be installed
--> Processing Dependency: perl-Git = 1.8.3.1-6.el7_2.1 for package: git-1.8.3.1-6.el7_2.1.x86_64
--> Processing Dependency: perl(Term::ReadKey) for package: git-1.8.3.1-6.el7_2.1.x86_64
--> Processing Dependency: perl(Git) for package: git-1.8.3.1-6.el7_2.1.x86_64
--> Processing Dependency: perl(Error) for package: git-1.8.3.1-6.el7_2.1.x86_64
--> Running transaction check
---> Package perl-Error.noarch 1:0.17020-2.el7 will be installed
---> Package perl-Git.noarch 0:1.8.3.1-6.el7_2.1 will be installed
---> Package perl-TermReadKey.x86_64 0:2.30-20.el7 will be installed
--> Finished Dependency Resolution

Dependencies Resolved

================================================================================
 Package                Arch         Version                   Repository  Size
================================================================================
Installing:
 git                    x86_64       1.8.3.1-6.el7_2.1         base       4.4 M
Installing for dependencies:
 perl-Error             noarch       1:0.17020-2.el7           base        32 k
 perl-Git               noarch       1.8.3.1-6.el7_2.1         base        53 k
 perl-TermReadKey       x86_64       2.30-20.el7               base        31 k

Transaction Summary
================================================================================
Install  1 Package (+3 Dependent packages)

Total download size: 4.5 M
Installed size: 22 M
Is this ok [y/d/N]: y
Downloading packages:
warning: /var/cache/yum/x86_64/7/base/packages/git-1.8.3.1-6.el7_2.1.x86_64.rpm: Header V3 RSA/SHA256 Signature, key ID f4a80eb5: NOKEY
Public key for git-1.8.3.1-6.el7_2.1.x86_64.rpm is not installed
(1/4): git-1.8.3.1-6.el7_2.1.x86_64.rpm                    | 4.4 MB   00:01     
(2/4): perl-Error-0.17020-2.el7.noarch.rpm                 |  32 kB   00:03     
(3/4): perl-Git-1.8.3.1-6.el7_2.1.noarch.rpm               |  53 kB   00:03     
(4/4): perl-TermReadKey-2.30-20.el7.x86_64.rpm             |  31 kB   00:03     
--------------------------------------------------------------------------------
Total                                              1.1 MB/s | 4.5 MB  00:04     
Retrieving key from file:///etc/pki/rpm-gpg/RPM-GPG-KEY-CentOS-7
Importing GPG key 0xF4A80EB5:
 Userid     : "CentOS-7 Key (CentOS 7 Official Signing Key) <security@centos.org>"
 Fingerprint: 6341 ab27 53d7 8a78 a7c2 7bb1 24c6 a8a7 f4a8 0eb5
 Package    : centos-release-7-3.1611.el7.centos.x86_64 (@anaconda)
 From       : /etc/pki/rpm-gpg/RPM-GPG-KEY-CentOS-7
Is this ok [y/N]: y
Running transaction check
Running transaction test
Transaction test succeeded
Running transaction
  Installing : 1:perl-Error-0.17020-2.el7.noarch                            1/4 
  Installing : perl-TermReadKey-2.30-20.el7.x86_64                          2/4 
  Installing : git-1.8.3.1-6.el7_2.1.x86_64                                 3/4 
  Installing : perl-Git-1.8.3.1-6.el7_2.1.noarch                            4/4 
  Verifying  : perl-Git-1.8.3.1-6.el7_2.1.noarch                            1/4 
  Verifying  : perl-TermReadKey-2.30-20.el7.x86_64                          2/4 
  Verifying  : 1:perl-Error-0.17020-2.el7.noarch                            3/4 
  Verifying  : git-1.8.3.1-6.el7_2.1.x86_64                                 4/4 

Installed:
  git.x86_64 0:1.8.3.1-6.el7_2.1                                                

Dependency Installed:
  perl-Error.noarch 1:0.17020-2.el7       perl-Git.noarch 0:1.8.3.1-6.el7_2.1  
  perl-TermReadKey.x86_64 0:2.30-20.el7  

Complete!
[root@DE2c ~]# 


to see Jenkins workspace's:
[scott@DE2c test_git_01]$ pwd
/var/lib/jenkins/workspace/test_git_01



